/home/vboxuser/ap.gestion-bs-management-service/src/GesMgmt.Infraestructure/Persistence/AccesoAnaliticaMemoryCache.cs(58,28): error CS1061: 'SemaphoreSlim' does not contain a definition for 'Liberar' and no accessible extension method 'Liberar' accepting a first argument of type 'SemaphoreSlim' could be found (are you missing a using directive or an assembly reference?) [/home/vboxuser/ap.gestion-bs-management-service/src/GesMgmt.Infraestructure/GesMgmt.Infraestructure.csproj]
/home/vboxuser/ap.gestion-bs-management-service/src/GesMgmt.Infraestructure/Persistence/AccesoAnaliticaMemoryCache.cs(58,28): error CS1061: 'SemaphoreSlim' does not contain a definition for 'Liberar' and no accessible extension method 'Liberar' accepting a first argument of type 'SemaphoreSlim' could be found (are you missing a using directive or an assembly reference?) [/home/vboxuser/ap.gestion-bs-management-service/src/GesMgmt.Infraestructure/GesMgmt.Infraestructure.csproj]
